// Vitest Snapshot v1, https://vitest.dev/guide/snapshot.html

exports[`comments.sql > line 5 1`] = `
[
  " -- trailing single line
SELECT /* embedded single line */ 'embedded' AS second",
  {
    "stmts": [
      {
        "stmt": {
          "SelectStmt": {
            "limitOption": "LIMIT_OPTION_DEFAULT",
            "op": "SETOP_NONE",
            "targetList": [
              {
                "ResTarget": {
                  "location": 59,
                  "name": "second",
                  "val": {
                    "A_Const": {
                      "location": 59,
                      "sval": {
                        "sval": "embedded",
                      },
                    },
                  },
                },
              },
            ],
          },
        },
      },
    ],
    "version": 160001,
  },
]
`;
