// Vitest Snapshot v1, https://vitest.dev/guide/snapshot.html

exports[`infinite_recurse.sql > line 1 1`] = `
{
  "stmts": [
    {
      "stmt": {
        "CreateFunctionStmt": {
          "funcname": [
            {
              "String": {
                "sval": "infinite_recurse",
              },
            },
          ],
          "options": [
            {
              "DefElem": {
                "arg": {
                  "List": {
                    "items": [
                      {
                        "String": {
                          "sval": "select infinite_recurse()",
                        },
                      },
                    ],
                  },
                },
                "defaction": "DEFELEM_UNSPEC",
                "defname": "as",
                "location": 144,
              },
            },
            {
              "DefElem": {
                "arg": {
                  "String": {
                    "sval": "sql",
                  },
                },
                "defaction": "DEFELEM_UNSPEC",
                "defname": "language",
                "location": 175,
              },
            },
          ],
          "returnType": {
            "location": 140,
            "names": [
              {
                "String": {
                  "sval": "pg_catalog",
                },
              },
              {
                "String": {
                  "sval": "int4",
                },
              },
            ],
            "typemod": -1,
          },
        },
      },
    },
  ],
  "version": 160001,
}
`;

exports[`infinite_recurse.sql > line 6 1`] = `[Error: syntax error at or near "\\"]`;
