// Vitest Snapshot v1, https://vitest.dev/guide/snapshot.html

exports[`jsonpath_encoding.sql > line 13 1`] = `
[
  "           -- just to label the results files

-- checks for double-quoted values

-- basic unicode input
SELECT '"\\u"'::jsonpath",
  {
    "stmts": [
      {
        "stmt": {
          "SelectStmt": {
            "limitOption": "LIMIT_OPTION_DEFAULT",
            "op": "SETOP_NONE",
            "targetList": [
              {
                "ResTarget": {
                  "location": 113,
                  "val": {
                    "TypeCast": {
                      "arg": {
                        "A_Const": {
                          "location": 113,
                          "sval": {
                            "sval": ""\\u"",
                          },
                        },
                      },
                      "location": 119,
                      "typeName": {
                        "location": 121,
                        "names": [
                          {
                            "String": {
                              "sval": "jsonpath",
                            },
                          },
                        ],
                        "typemod": -1,
                      },
                    },
                  },
                },
              },
            ],
          },
        },
      },
    ],
    "version": 160001,
  },
]
`;
