// Vitest Snapshot v1, https://vitest.dev/guide/snapshot.html

exports[`jsonpath.sql > line 32 1`] = `
[
  "select '"\\b\\f\\r\\n\\t\\v\\"\\''\\\\"'::jsonpath",
  {
    "stmts": [
      {
        "stmt": {
          "SelectStmt": {
            "limitOption": "LIMIT_OPTION_DEFAULT",
            "op": "SETOP_NONE",
            "targetList": [
              {
                "ResTarget": {
                  "location": 7,
                  "val": {
                    "TypeCast": {
                      "arg": {
                        "A_Const": {
                          "location": 7,
                          "sval": {
                            "sval": ""\\b\\f\\r\\n\\t\\v\\"\\'\\\\"",
                          },
                        },
                      },
                      "location": 30,
                      "typeName": {
                        "location": 32,
                        "names": [
                          {
                            "String": {
                              "sval": "jsonpath",
                            },
                          },
                        ],
                        "typemod": -1,
                      },
                    },
                  },
                },
              },
            ],
          },
        },
      },
    ],
    "version": 160001,
  },
]
`;
